{ "$match" : { }, "$sort" : { "Foo.BarEnum" : -1 } }
