{ "$match" : { }, "$sort" : { "Foo.BarBool" : -1 } }
