{ "$match" : { }, "$sort" : { "renameTest" : -1 } }
