{ "$match" : { }, "$sort" : { "Foo.BarShort" : 1 } }
