{ "$match" : { }, "$sort" : { "Foo.BarString" : 1 } }
