{ "$match" : { }, "$sort" : { "BarShort" : -1 } }
