{ "$match" : { "BarShort" : { "$nin" : [13, 14] } } }
