{ "$match" : { "Foo.BarShort" : { "$eq" : null } } }
