{ "FooNested" : { "$exists" : true, "$nin" : [[], null] } }
