{ "$match" : { "Bar" : { "$not" : { "$regex" : /b/ } } } }
