{ "$match" : { "Foo.BarShort" : { "$eq" : 12 } } }
