{ "$match" : { "Foo.BarString" : { "$in" : ["testbtest", null] } } }
