{ "$match" : { "Foo.BarString" : { "$eq" : "testbtest" } } }
