{ "$match" : { "Bar" : { "$nin" : ["testbtest", null] } } }
