{ "$match" : { "Foo.BarShort" : { "$in" : [13, 14] } } }
