{ "Foo.ObjectArray" : { "$exists" : true, "$nin" : [[], null] } }
