{ "$match" : { "Foo.BarBool" : { "$eq" : false } } }
