{ "$match" : { "BarShort" : { "$not" : { "$lt" : 14 } } } }
