{ "$match" : { "BarShort" : { "$not" : { "$gt" : 14 } } } }
