{ "$match" : { "BarShort" : { "$in" : [13, 14] } } }
