{ "$match" : { "BarShort" : { "$nin" : [13, null] } } }
