{ "$match" : { "Foo.BarShort" : { "$in" : [12, 13] } } }
