{ "$match" : { "Bar" : { "$not" : { "$regex" : /^testa/ } } } }
