{ "$match" : { "BarShort" : { "$not" : { "$gt" : 12 } } } }
