{ "$match" : { "BarShort" : { "$not" : { "$lt" : 13 } } } }
