{ "$match" : { "Baz" : { "$eq" : [NumberLong("637142976000000000"), 60] } } }
