{ "FooNested" : { "$elemMatch" : { "Bar" : { "$eq" : "d" } } } }
