{ "$match" : { "BarShort" : { "$not" : { "$lte" : 12 } } } }
