{ "$match" : { "Foo.BarBool" : { "$eq" : null } } }
