{ "$match" : { "BarShort" : { "$in" : [13, null] } } }
