{ "$match" : { "BarShort" : { "$not" : { "$lte" : 14 } } } }
