{ "$match" : { "FooNested" : { "$not" : { "$elemMatch" : { "Bar" : { "$eq" : "d" } } } } } }
