{ "$match" : { "Bar" : { "$not" : { "$regex" : /btest$/ } } } }
