{ "$match" : { "Foo.BarString" : { "$in" : ["testatest", "testbtest"] } } }
