{ "$match" : { "BarShort" : { "$not" : { "$lt" : 12 } } } }
