{ "$match" : { "BarEnum" : { "$nin" : [null, 0] } } }
