{ "$match" : { "Foo.BarBool" : { "$eq" : true } } }
