{ "$match" : { "BarShort" : { "$in" : [12, 13] } } }
