{ "$match" : { "Foo.BarShort" : { "$eq" : 13 } } }
