{ "$match" : { "Foo.BarString" : { "$eq" : "testatest" } } }
