{ "$match" : { "Bar" : { "$in" : ["testbtest", null] } } }
