{ "$match" : { "Bar" : { "$not" : { "$regex" : /a/ } } } }
