{ "$match" : { "BarShort" : { "$not" : { "$gt" : 13 } } } }
