{
  "data": {
    "root": [
      {
        "baz": "2020-01-12T00:00:00.000\u002B01:00"
      }
    ]
  }
}
