{ "$match" : { "FooNested" : { "$elemMatch" : { "Bar" : { "$eq" : null } } } } }
