{ "$match" : { "Foo.BarEnum" : { "$in" : [1, 0] } } }
