{ "$match" : { "BarShort" : { "$not" : { "$gte" : 12 } } } }
