{
  "data": {
    "root": [
      {
        "number": 2,
        "foo": {
          "id": "fe17f5c729834b84a51a13bdf233e480",
          "barEnum": "BAR"
        }
      },
      {
        "number": 2,
        "foo": {
          "id": "0b22a5124d73418fbc9886be272c2f94",
          "barEnum": "FOO"
        }
      },
      {
        "number": 2,
        "foo": null
      }
    ]
  }
}
