{
  "data": {
    "root": [
      {
        "baz": "2020-12-01T00:00:00.000\u002B01:00"
      },
      {
        "baz": "2020-12-02T00:00:00.000\u002B01:00"
      }
    ]
  }
}
