find({ }, { "Foo.BarEnum" : 1, "Foo._id" : 1, "Number" : 1 })
